// Jest Snapshot v1, https://goo.gl/fbAQLP

exports[`components <PlotComponent /> renders correctly 1`] = `
<div
  style={
    Object {
      "display": "inline-block",
      "position": "relative",
    }
  }
/>
`;
